Command line invocation:
    /Applications/Xcode.app/Contents/Developer/usr/bin/xcodebuild test -scheme AXTerm -destination platform=macOS "-only-testing:AXTermTests/AX25TransmissionTests/testImmediateAckForMultipleIFrames"

Resolve Package Graph


Resolved source packages:
  Sentry: https://github.com/getsentry/sentry-cocoa @ 9.3.0
  GRDB: https://github.com/groue/GRDB.swift @ 6.29.3

--- xcodebuild: WARNING: Using the first of multiple matching destinations:
{ platform:macOS, arch:arm64, id:00006040-000C11963E20801C, name:My Mac }
{ platform:macOS, arch:x86_64, id:00006040-000C11963E20801C, name:My Mac }
ComputePackagePrebuildTargetDependencyGraph

Prepare packages

CreateBuildRequest

SendProjectDescription

CreateBuildOperation

ComputeTargetDependencyGraph
note: Building targets in dependency order
note: Target dependency graph (9 targets)
    Target 'AXTermUITests' in project 'AXTerm'
        ➜ Explicit dependency on target 'AXTerm' in project 'AXTerm'
    Target 'AXTermTests' in project 'AXTerm'
        ➜ Explicit dependency on target 'AXTerm' in project 'AXTerm'
        ➜ Explicit dependency on target 'GRDB' in project 'GRDB'
    Target 'AXTerm' in project 'AXTerm'
        ➜ Explicit dependency on target 'GRDB' in project 'GRDB'
        ➜ Explicit dependency on target 'Sentry' in project 'Sentry'
    Target 'Sentry' in project 'Sentry'
        ➜ Explicit dependency on target 'SentryCppHelper' in project 'Sentry'
    Target 'SentryCppHelper' in project 'Sentry' (no dependencies)
    Target 'GRDB' in project 'GRDB'
        ➜ Explicit dependency on target 'GRDB' in project 'GRDB'
        ➜ Explicit dependency on target 'GRDB_GRDB' in project 'GRDB'
    Target 'GRDB' in project 'GRDB'
        ➜ Explicit dependency on target 'GRDB_GRDB' in project 'GRDB'
        ➜ Explicit dependency on target 'CSQLite' in project 'GRDB'
    Target 'CSQLite' in project 'GRDB' (no dependencies)
    Target 'GRDB_GRDB' in project 'GRDB' (no dependencies)

GatherProvisioningInputs

CreateBuildDescription

ExecuteExternalTool /Applications/Xcode.app/Contents/Developer/Toolchains/XcodeDefault.xctoolchain/usr/bin/swiftc --version

ExecuteExternalTool /Applications/Xcode.app/Contents/Developer/Toolchains/XcodeDefault.xctoolchain/usr/bin/clang -v -E -dM -isysroot /Applications/Xcode.app/Contents/Developer/Platforms/MacOSX.platform/Developer/SDKs/MacOSX26.2.sdk -x c -c /dev/null

ExecuteExternalTool /Applications/Xcode.app/Contents/Developer/Toolchains/XcodeDefault.xctoolchain/usr/bin/ld -version_details

ExecuteExternalTool /Applications/Xcode.app/Contents/Developer/usr/bin/actool --version --output-format xml1

ReadFileContents /Applications/Xcode.app/Contents/Developer/Toolchains/XcodeDefault.xctoolchain/usr/share/docc/features.json

Build description signature: 1bd15e4c31a8ca8a8db1b6cb4dd91948
Build description path: /Users/rwardrup/Library/Developer/Xcode/DerivedData/AXTerm-etuqvvpcqlamnudtiifoemheidpc/Build/Intermediates.noindex/XCBuildData/1bd15e4c31a8ca8a8db1b6cb4dd91948.xcbuilddata
ClangStatCache /Applications/Xcode.app/Contents/Developer/Toolchains/XcodeDefault.xctoolchain/usr/bin/clang-stat-cache /Applications/Xcode.app/Contents/Developer/Platforms/MacOSX.platform/Developer/SDKs/MacOSX26.2.sdk /Users/rwardrup/Library/Developer/Xcode/DerivedData/SDKStatCaches.noindex/macosx26.2-25C57-3885c01c3e6b6a337905948deab2002e00fa09913b459cbbc988d1f6730289ae.sdkstatcache
    cd /Users/rwardrup/dev/AXTerm/AXTerm.xcodeproj
    /Applications/Xcode.app/Contents/Developer/Toolchains/XcodeDefault.xctoolchain/usr/bin/clang-stat-cache /Applications/Xcode.app/Contents/Developer/Platforms/MacOSX.platform/Developer/SDKs/MacOSX26.2.sdk -o /Users/rwardrup/Library/Developer/Xcode/DerivedData/SDKStatCaches.noindex/macosx26.2-25C57-3885c01c3e6b6a337905948deab2002e00fa09913b459cbbc988d1f6730289ae.sdkstatcache

ProcessInfoPlistFile /Users/rwardrup/Library/Developer/Xcode/DerivedData/AXTerm-etuqvvpcqlamnudtiifoemheidpc/Build/Products/Debug/GRDB_GRDB.bundle/Contents/Info.plist /Users/rwardrup/Library/Developer/Xcode/DerivedData/AXTerm-etuqvvpcqlamnudtiifoemheidpc/Build/Intermediates.noindex/GRDB.build/Debug/GRDB_GRDB.build/empty-GRDB_GRDB.plist (in target 'GRDB_GRDB' from project 'GRDB')
    cd /Users/rwardrup/Library/Developer/Xcode/DerivedData/AXTerm-etuqvvpcqlamnudtiifoemheidpc/SourcePackages/checkouts/GRDB.swift
    builtin-infoPlistUtility /Users/rwardrup/Library/Developer/Xcode/DerivedData/AXTerm-etuqvvpcqlamnudtiifoemheidpc/Build/Intermediates.noindex/GRDB.build/Debug/GRDB_GRDB.build/empty-GRDB_GRDB.plist -producttype com.apple.product-type.bundle -expandbuildsettings -platform macosx -o /Users/rwardrup/Library/Developer/Xcode/DerivedData/AXTerm-etuqvvpcqlamnudtiifoemheidpc/Build/Products/Debug/GRDB_GRDB.bundle/Contents/Info.plist

ProcessInfoPlistFile /Users/rwardrup/Library/Developer/Xcode/DerivedData/AXTerm-etuqvvpcqlamnudtiifoemheidpc/Build/Products/Debug/PackageFrameworks/GRDB_5DC4DB053_PackageProduct.framework/Versions/A/Resources/Info.plist /Users/rwardrup/Library/Developer/Xcode/DerivedData/AXTerm-etuqvvpcqlamnudtiifoemheidpc/Build/Intermediates.noindex/GRDB.build/Debug/GRDB\ product.build/empty-GRDB_5DC4DB053_PackageProduct.plist (in target 'GRDB' from project 'GRDB')
    cd /Users/rwardrup/Library/Developer/Xcode/DerivedData/AXTerm-etuqvvpcqlamnudtiifoemheidpc/SourcePackages/checkouts/GRDB.swift
    builtin-infoPlistUtility /Users/rwardrup/Library/Developer/Xcode/DerivedData/AXTerm-etuqvvpcqlamnudtiifoemheidpc/Build/Intermediates.noindex/GRDB.build/Debug/GRDB\ product.build/empty-GRDB_5DC4DB053_PackageProduct.plist -producttype com.apple.product-type.framework -expandbuildsettings -platform macosx -o /Users/rwardrup/Library/Developer/Xcode/DerivedData/AXTerm-etuqvvpcqlamnudtiifoemheidpc/Build/Products/Debug/PackageFrameworks/GRDB_5DC4DB053_PackageProduct.framework/Versions/A/Resources/Info.plist

CopySwiftLibs /Users/rwardrup/Library/Developer/Xcode/DerivedData/AXTerm-etuqvvpcqlamnudtiifoemheidpc/Build/Products/Debug/AXTerm.app (in target 'AXTerm' from project 'AXTerm')
    cd /Users/rwardrup/dev/AXTerm
    builtin-swiftStdLibTool --copy --verbose --sign - --scan-executable /Users/rwardrup/Library/Developer/Xcode/DerivedData/AXTerm-etuqvvpcqlamnudtiifoemheidpc/Build/Products/Debug/AXTerm.app/Contents/MacOS/AXTerm.debug.dylib --scan-folder /Users/rwardrup/Library/Developer/Xcode/DerivedData/AXTerm-etuqvvpcqlamnudtiifoemheidpc/Build/Products/Debug/AXTerm.app/Contents/Frameworks --scan-folder /Users/rwardrup/Library/Developer/Xcode/DerivedData/AXTerm-etuqvvpcqlamnudtiifoemheidpc/Build/Products/Debug/AXTerm.app/Contents/PlugIns --scan-folder /Users/rwardrup/Library/Developer/Xcode/DerivedData/AXTerm-etuqvvpcqlamnudtiifoemheidpc/Build/Products/Debug/AXTerm.app/Contents/Library/SystemExtensions --scan-folder /Users/rwardrup/Library/Developer/Xcode/DerivedData/AXTerm-etuqvvpcqlamnudtiifoemheidpc/Build/Products/Debug/AXTerm.app/Contents/Extensions --scan-folder /Users/rwardrup/Library/Developer/Xcode/DerivedData/AXTerm-etuqvvpcqlamnudtiifoemheidpc/Build/Products/Debug/PackageFrameworks/GRDB_5DC4DB053_PackageProduct.framework --platform macosx --toolchain /var/run/com.apple.security.cryptexd/mnt/com.apple.MobileAsset.MetalToolchain-v17.3.48.0.AhN9nC/Metal.xctoolchain --toolchain /Applications/Xcode.app/Contents/Developer/Toolchains/XcodeDefault.xctoolchain --destination /Users/rwardrup/Library/Developer/Xcode/DerivedData/AXTerm-etuqvvpcqlamnudtiifoemheidpc/Build/Products/Debug/AXTerm.app/Contents/Frameworks --strip-bitcode --strip-bitcode-tool /Applications/Xcode.app/Contents/Developer/Toolchains/XcodeDefault.xctoolchain/usr/bin/bitcode_strip --emit-dependency-info /Users/rwardrup/Library/Developer/Xcode/DerivedData/AXTerm-etuqvvpcqlamnudtiifoemheidpc/Build/Intermediates.noindex/AXTerm.build/Debug/AXTerm.build/SwiftStdLibToolInputDependencies.dep --filter-for-swift-os --back-deploy-swift-span

ProcessInfoPlistFile /Users/rwardrup/Library/Developer/Xcode/DerivedData/AXTerm-etuqvvpcqlamnudtiifoemheidpc/Build/Products/Debug/AXTerm.app/Contents/Info.plist /Users/rwardrup/dev/AXTerm/AXTerm/Info.plist (in target 'AXTerm' from project 'AXTerm')
    cd /Users/rwardrup/dev/AXTerm
    builtin-infoPlistUtility /Users/rwardrup/dev/AXTerm/AXTerm/Info.plist -producttype com.apple.product-type.application -genpkginfo /Users/rwardrup/Library/Developer/Xcode/DerivedData/AXTerm-etuqvvpcqlamnudtiifoemheidpc/Build/Products/Debug/AXTerm.app/Contents/PkgInfo -expandbuildsettings -platform macosx -additionalcontentfile /Users/rwardrup/Library/Developer/Xcode/DerivedData/AXTerm-etuqvvpcqlamnudtiifoemheidpc/Build/Intermediates.noindex/AXTerm.build/Debug/AXTerm.build/assetcatalog_generated_info.plist -scanforprivacyfile /Users/rwardrup/Library/Developer/Xcode/DerivedData/AXTerm-etuqvvpcqlamnudtiifoemheidpc/Build/Products/Debug/AXTerm.app/Contents/Frameworks/GRDB_5DC4DB053_PackageProduct.framework -scanforprivacyfile /Users/rwardrup/Library/Developer/Xcode/DerivedData/AXTerm-etuqvvpcqlamnudtiifoemheidpc/Build/Products/Debug/AXTerm.app/Contents/Frameworks/Sentry.framework -scanforprivacyfile /Users/rwardrup/Library/Developer/Xcode/DerivedData/AXTerm-etuqvvpcqlamnudtiifoemheidpc/Build/Products/Debug/AXTerm.app/Contents/Resources/GRDB_GRDB.bundle -o /Users/rwardrup/Library/Developer/Xcode/DerivedData/AXTerm-etuqvvpcqlamnudtiifoemheidpc/Build/Products/Debug/AXTerm.app/Contents/Info.plist

ProcessInfoPlistFile /Users/rwardrup/Library/Developer/Xcode/DerivedData/AXTerm-etuqvvpcqlamnudtiifoemheidpc/Build/Products/Debug/AXTerm.app/Contents/PlugIns/AXTermTests.xctest/Contents/Info.plist /Users/rwardrup/Library/Developer/Xcode/DerivedData/AXTerm-etuqvvpcqlamnudtiifoemheidpc/Build/Intermediates.noindex/AXTerm.build/Debug/AXTermTests.build/empty-AXTermTests.plist (in target 'AXTermTests' from project 'AXTerm')
    cd /Users/rwardrup/dev/AXTerm
    builtin-infoPlistUtility /Users/rwardrup/Library/Developer/Xcode/DerivedData/AXTerm-etuqvvpcqlamnudtiifoemheidpc/Build/Intermediates.noindex/AXTerm.build/Debug/AXTermTests.build/empty-AXTermTests.plist -producttype com.apple.product-type.bundle.unit-test -expandbuildsettings -platform macosx -scanforprivacyfile /Users/rwardrup/Library/Developer/Xcode/DerivedData/AXTerm-etuqvvpcqlamnudtiifoemheidpc/Build/Products/Debug/AXTerm.app/Contents/PlugIns/AXTermTests.xctest/Contents/Resources/GRDB_GRDB.bundle -o /Users/rwardrup/Library/Developer/Xcode/DerivedData/AXTerm-etuqvvpcqlamnudtiifoemheidpc/Build/Products/Debug/AXTerm.app/Contents/PlugIns/AXTermTests.xctest/Contents/Info.plist

CopySwiftLibs /Users/rwardrup/Library/Developer/Xcode/DerivedData/AXTerm-etuqvvpcqlamnudtiifoemheidpc/Build/Products/Debug/AXTerm.app/Contents/PlugIns/AXTermTests.xctest (in target 'AXTermTests' from project 'AXTerm')
    cd /Users/rwardrup/dev/AXTerm
    builtin-swiftStdLibTool --copy --verbose --sign - --scan-executable /Users/rwardrup/Library/Developer/Xcode/DerivedData/AXTerm-etuqvvpcqlamnudtiifoemheidpc/Build/Products/Debug/AXTerm.app/Contents/PlugIns/AXTermTests.xctest/Contents/MacOS/AXTermTests --scan-folder /Users/rwardrup/Library/Developer/Xcode/DerivedData/AXTerm-etuqvvpcqlamnudtiifoemheidpc/Build/Products/Debug/AXTerm.app/Contents/PlugIns/AXTermTests.xctest/Contents/Frameworks --scan-folder /Users/rwardrup/Library/Developer/Xcode/DerivedData/AXTerm-etuqvvpcqlamnudtiifoemheidpc/Build/Products/Debug/AXTerm.app/Contents/PlugIns/AXTermTests.xctest/Contents/PlugIns --scan-folder /Users/rwardrup/Library/Developer/Xcode/DerivedData/AXTerm-etuqvvpcqlamnudtiifoemheidpc/Build/Products/Debug/AXTerm.app/Contents/PlugIns/AXTermTests.xctest/Contents/Library/SystemExtensions --scan-folder /Users/rwardrup/Library/Developer/Xcode/DerivedData/AXTerm-etuqvvpcqlamnudtiifoemheidpc/Build/Products/Debug/AXTerm.app/Contents/PlugIns/AXTermTests.xctest/Contents/Extensions --scan-folder /Users/rwardrup/Library/Developer/Xcode/DerivedData/AXTerm-etuqvvpcqlamnudtiifoemheidpc/Build/Products/Debug/PackageFrameworks/GRDB_5DC4DB053_PackageProduct.framework --platform macosx --toolchain /var/run/com.apple.security.cryptexd/mnt/com.apple.MobileAsset.MetalToolchain-v17.3.48.0.AhN9nC/Metal.xctoolchain --toolchain /Applications/Xcode.app/Contents/Developer/Toolchains/XcodeDefault.xctoolchain --destination /Users/rwardrup/Library/Developer/Xcode/DerivedData/AXTerm-etuqvvpcqlamnudtiifoemheidpc/Build/Products/Debug/AXTerm.app/Contents/PlugIns/AXTermTests.xctest/Contents/Frameworks --strip-bitcode --scan-executable /Applications/Xcode.app/Contents/Developer/Platforms/MacOSX.platform/Developer/usr/lib/libXCTestSwiftSupport.dylib --strip-bitcode-tool /Applications/Xcode.app/Contents/Developer/Toolchains/XcodeDefault.xctoolchain/usr/bin/bitcode_strip --emit-dependency-info /Users/rwardrup/Library/Developer/Xcode/DerivedData/AXTerm-etuqvvpcqlamnudtiifoemheidpc/Build/Intermediates.noindex/AXTerm.build/Debug/AXTermTests.build/SwiftStdLibToolInputDependencies.dep --filter-for-swift-os --back-deploy-swift-span

ProcessInfoPlistFile /Users/rwardrup/Library/Developer/Xcode/DerivedData/AXTerm-etuqvvpcqlamnudtiifoemheidpc/Build/Products/Debug/AXTermUITests-Runner.app/Contents/PlugIns/AXTermUITests.xctest/Contents/Info.plist /Users/rwardrup/Library/Developer/Xcode/DerivedData/AXTerm-etuqvvpcqlamnudtiifoemheidpc/Build/Intermediates.noindex/AXTerm.build/Debug/AXTermUITests.build/empty-AXTermUITests.plist (in target 'AXTermUITests' from project 'AXTerm')
    cd /Users/rwardrup/dev/AXTerm
    builtin-infoPlistUtility /Users/rwardrup/Library/Developer/Xcode/DerivedData/AXTerm-etuqvvpcqlamnudtiifoemheidpc/Build/Intermediates.noindex/AXTerm.build/Debug/AXTermUITests.build/empty-AXTermUITests.plist -producttype com.apple.product-type.bundle.ui-testing -expandbuildsettings -platform macosx -additionalcontentfile /Users/rwardrup/Library/Developer/Xcode/DerivedData/AXTerm-etuqvvpcqlamnudtiifoemheidpc/Build/Intermediates.noindex/AXTerm.build/Debug/AXTermUITests.build/ProductTypeInfoPlistAdditions.plist -o /Users/rwardrup/Library/Developer/Xcode/DerivedData/AXTerm-etuqvvpcqlamnudtiifoemheidpc/Build/Products/Debug/AXTermUITests-Runner.app/Contents/PlugIns/AXTermUITests.xctest/Contents/Info.plist

CopySwiftLibs /Users/rwardrup/Library/Developer/Xcode/DerivedData/AXTerm-etuqvvpcqlamnudtiifoemheidpc/Build/Products/Debug/AXTermUITests-Runner.app/Contents/PlugIns/AXTermUITests.xctest (in target 'AXTermUITests' from project 'AXTerm')
    cd /Users/rwardrup/dev/AXTerm
    builtin-swiftStdLibTool --copy --verbose --sign - --scan-executable /Users/rwardrup/Library/Developer/Xcode/DerivedData/AXTerm-etuqvvpcqlamnudtiifoemheidpc/Build/Products/Debug/AXTermUITests-Runner.app/Contents/PlugIns/AXTermUITests.xctest/Contents/MacOS/AXTermUITests --scan-folder /Users/rwardrup/Library/Developer/Xcode/DerivedData/AXTerm-etuqvvpcqlamnudtiifoemheidpc/Build/Products/Debug/AXTermUITests-Runner.app/Contents/PlugIns/AXTermUITests.xctest/Contents/Frameworks --scan-folder /Users/rwardrup/Library/Developer/Xcode/DerivedData/AXTerm-etuqvvpcqlamnudtiifoemheidpc/Build/Products/Debug/AXTermUITests-Runner.app/Contents/PlugIns/AXTermUITests.xctest/Contents/PlugIns --scan-folder /Users/rwardrup/Library/Developer/Xcode/DerivedData/AXTerm-etuqvvpcqlamnudtiifoemheidpc/Build/Products/Debug/AXTermUITests-Runner.app/Contents/PlugIns/AXTermUITests.xctest/Contents/Library/SystemExtensions --scan-folder /Users/rwardrup/Library/Developer/Xcode/DerivedData/AXTerm-etuqvvpcqlamnudtiifoemheidpc/Build/Products/Debug/AXTermUITests-Runner.app/Contents/PlugIns/AXTermUITests.xctest/Contents/Extensions --platform macosx --toolchain /var/run/com.apple.security.cryptexd/mnt/com.apple.MobileAsset.MetalToolchain-v17.3.48.0.AhN9nC/Metal.xctoolchain --toolchain /Applications/Xcode.app/Contents/Developer/Toolchains/XcodeDefault.xctoolchain --destination /Users/rwardrup/Library/Developer/Xcode/DerivedData/AXTerm-etuqvvpcqlamnudtiifoemheidpc/Build/Products/Debug/AXTermUITests-Runner.app/Contents/PlugIns/AXTermUITests.xctest/Contents/Frameworks --strip-bitcode --scan-executable /Applications/Xcode.app/Contents/Developer/Platforms/MacOSX.platform/Developer/usr/lib/libXCTestSwiftSupport.dylib --strip-bitcode-tool /Applications/Xcode.app/Contents/Developer/Toolchains/XcodeDefault.xctoolchain/usr/bin/bitcode_strip --emit-dependency-info /Users/rwardrup/Library/Developer/Xcode/DerivedData/AXTerm-etuqvvpcqlamnudtiifoemheidpc/Build/Intermediates.noindex/AXTerm.build/Debug/AXTermUITests.build/SwiftStdLibToolInputDependencies.dep --filter-for-swift-os --back-deploy-swift-span

2026-02-06 18:14:03.044 xcodebuild[16399:55772227] [MT] IDETestOperationsObserverDebug: 15.011 elapsed -- Testing started completed.
2026-02-06 18:14:03.044 xcodebuild[16399:55772227] [MT] IDETestOperationsObserverDebug: 0.000 sec, +0.000 sec -- start
2026-02-06 18:14:03.045 xcodebuild[16399:55772227] [MT] IDETestOperationsObserverDebug: 15.011 sec, +15.011 sec -- end

Test session results, code coverage, and logs:
	/Users/rwardrup/Library/Developer/Xcode/DerivedData/AXTerm-etuqvvpcqlamnudtiifoemheidpc/Logs/Test/Test-AXTerm-2026.02.06_18-13-45--0700.xcresult

** TEST FAILED **

Testing started
Test suite 'AX25TransmissionTests' started on 'My Mac - AXTerm (16429)'
Test case 'AX25TransmissionTests.testImmediateAckForMultipleIFrames()' failed on 'My Mac - AXTerm (16429)' (0.068 seconds)
